{
  "id": 1,
  "name": "John Doe",
  "email": "john.doe@example.com",
  "phone": "+1234567890",
  "age": 30
}
